// Jest Snapshot v1, https://goo.gl/fbAQLP

exports[`TagBar that it renders correctly. 1`] = `
<div
  class="MuiGrid-root MuiGrid-container MuiGrid-spacing-xs-0.5 css-125mmfg-MuiGrid-root"
>
  <div
    class="MuiGrid-root MuiGrid-item css-13i4rnv-MuiGrid-root"
  >
    <a
      class="MuiTypography-root MuiTypography-inherit MuiLink-root MuiLink-underlineAlways MuiButtonBase-root MuiButton-root MuiButton-text MuiButton-textPrimary MuiButton-sizeMedium MuiButton-textSizeMedium MuiButton-root MuiButton-text MuiButton-textPrimary MuiButton-sizeMedium MuiButton-textSizeMedium css-a6ypk3-MuiTypography-root-MuiLink-root-MuiButtonBase-root-MuiButton-root"
      data-link="internal"
      href="/tag/theme-park"
      tabindex="0"
    >
      <span
        class="MuiButton-startIcon MuiButton-iconSizeMedium css-1d6wzja-MuiButton-startIcon"
      >
        <svg
          aria-hidden="true"
          class="MuiSvgIcon-root MuiSvgIcon-fontSizeMedium css-i4bv87-MuiSvgIcon-root"
          data-testid="TagOutlinedIcon"
          focusable="false"
          viewBox="0 0 24 24"
        >
          <path
            d="M20 10V8h-4V4h-2v4h-4V4H8v4H4v2h4v4H4v2h4v4h2v-4h4v4h2v-4h4v-2h-4v-4h4zm-6 4h-4v-4h4v4z"
          />
        </svg>
      </span>
      Theme Park
      <span
        class="MuiTouchRipple-root css-8je8zh-MuiTouchRipple-root"
      />
    </a>
  </div>
  <div
    class="MuiGrid-root MuiGrid-item css-13i4rnv-MuiGrid-root"
  >
    <a
      class="MuiTypography-root MuiTypography-inherit MuiLink-root MuiLink-underlineAlways MuiButtonBase-root MuiButton-root MuiButton-text MuiButton-textPrimary MuiButton-sizeMedium MuiButton-textSizeMedium MuiButton-root MuiButton-text MuiButton-textPrimary MuiButton-sizeMedium MuiButton-textSizeMedium css-a6ypk3-MuiTypography-root-MuiLink-root-MuiButtonBase-root-MuiButton-root"
      data-link="internal"
      href="/tag/genie"
      tabindex="0"
    >
      <span
        class="MuiButton-startIcon MuiButton-iconSizeMedium css-1d6wzja-MuiButton-startIcon"
      >
        <svg
          aria-hidden="true"
          class="MuiSvgIcon-root MuiSvgIcon-fontSizeMedium css-i4bv87-MuiSvgIcon-root"
          data-testid="TagOutlinedIcon"
          focusable="false"
          viewBox="0 0 24 24"
        >
          <path
            d="M20 10V8h-4V4h-2v4h-4V4H8v4H4v2h4v4H4v2h4v4h2v-4h4v4h2v-4h4v-2h-4v-4h4zm-6 4h-4v-4h4v4z"
          />
        </svg>
      </span>
      Genie+
      <span
        class="MuiTouchRipple-root css-8je8zh-MuiTouchRipple-root"
      />
    </a>
  </div>
  <div
    class="MuiGrid-root MuiGrid-item css-13i4rnv-MuiGrid-root"
  >
    <a
      class="MuiTypography-root MuiTypography-inherit MuiLink-root MuiLink-underlineAlways MuiButtonBase-root MuiButton-root MuiButton-text MuiButton-textPrimary MuiButton-sizeMedium MuiButton-textSizeMedium MuiButton-root MuiButton-text MuiButton-textPrimary MuiButton-sizeMedium MuiButton-textSizeMedium css-a6ypk3-MuiTypography-root-MuiLink-root-MuiButtonBase-root-MuiButton-root"
      data-link="internal"
      href="/tag/sadness"
      tabindex="0"
    >
      <span
        class="MuiButton-startIcon MuiButton-iconSizeMedium css-1d6wzja-MuiButton-startIcon"
      >
        <svg
          aria-hidden="true"
          class="MuiSvgIcon-root MuiSvgIcon-fontSizeMedium css-i4bv87-MuiSvgIcon-root"
          data-testid="TagOutlinedIcon"
          focusable="false"
          viewBox="0 0 24 24"
        >
          <path
            d="M20 10V8h-4V4h-2v4h-4V4H8v4H4v2h4v4H4v2h4v4h2v-4h4v4h2v-4h4v-2h-4v-4h4zm-6 4h-4v-4h4v4z"
          />
        </svg>
      </span>
      Sadness
      <span
        class="MuiTouchRipple-root css-8je8zh-MuiTouchRipple-root"
      />
    </a>
  </div>
  <div
    class="MuiGrid-root MuiGrid-item css-13i4rnv-MuiGrid-root"
  >
    <a
      class="MuiTypography-root MuiTypography-inherit MuiLink-root MuiLink-underlineAlways MuiButtonBase-root MuiButton-root MuiButton-text MuiButton-textPrimary MuiButton-sizeMedium MuiButton-textSizeMedium MuiButton-root MuiButton-text MuiButton-textPrimary MuiButton-sizeMedium MuiButton-textSizeMedium css-a6ypk3-MuiTypography-root-MuiLink-root-MuiButtonBase-root-MuiButton-root"
      data-link="internal"
      href="/tag/i-dogs"
      tabindex="0"
    >
      <span
        class="MuiButton-startIcon MuiButton-iconSizeMedium css-1d6wzja-MuiButton-startIcon"
      >
        <svg
          aria-hidden="true"
          class="MuiSvgIcon-root MuiSvgIcon-fontSizeMedium css-i4bv87-MuiSvgIcon-root"
          data-testid="TagOutlinedIcon"
          focusable="false"
          viewBox="0 0 24 24"
        >
          <path
            d="M20 10V8h-4V4h-2v4h-4V4H8v4H4v2h4v4H4v2h4v4h2v-4h4v4h2v-4h4v-2h-4v-4h4zm-6 4h-4v-4h4v4z"
          />
        </svg>
      </span>
      I â™¥ Dogs
      <span
        class="MuiTouchRipple-root css-8je8zh-MuiTouchRipple-root"
      />
    </a>
  </div>
</div>
`;
