// Jest Snapshot v1, https://goo.gl/fbAQLP

exports[`TimeToRead that it renders correctly. 1`] = `
<div
  class="MuiPaper-root MuiPaper-outlined MuiPaper-rounded MuiCard-root css-1hqzemx-MuiPaper-root-MuiCard-root"
>
  <div
    class="MuiStack-root css-1qxw92a-MuiStack-root"
  >
    <svg
      aria-hidden="true"
      class="MuiSvgIcon-root MuiSvgIcon-fontSizeMedium css-i4bv87-MuiSvgIcon-root"
      data-testid="AccessTimeOutlinedIcon"
      focusable="false"
      viewBox="0 0 24 24"
    >
      <path
        d="M11.99 2C6.47 2 2 6.48 2 12s4.47 10 9.99 10C17.52 22 22 17.52 22 12S17.52 2 11.99 2zM12 20c-4.42 0-8-3.58-8-8s3.58-8 8-8 8 3.58 8 8-3.58 8-8 8zm.5-13H11v6l5.25 3.15.75-1.23-4.5-2.67z"
      />
    </svg>
    <div
      class="MuiBox-root css-1rr4qq7"
    >
      <div
        class="MuiTypography-root MuiTypography-body2 MuiBox-root css-pc18se-MuiTypography-root"
      >
        13 min read
      </div>
      <div
        class="MuiTypography-root MuiTypography-body2 MuiBox-root css-pc18se-MuiTypography-root"
      >
        99,999 words
      </div>
    </div>
  </div>
</div>
`;
