// Vitest Snapshot v1, https://vitest.dev/guide/snapshot.html

exports[`BreadcrumbHeader > that it renders correctly. 1`] = `"<!DOCTYPE html><header class="flex w-full items-center" data-astro-source-file="/Users/richard/Development/Projects/agingdeveloper-astro/src/components/BreadcrumbHeader.astro" data-astro-source-loc="26:42"> <span class="mr-2 h-px flex-grow rounded bg-gray-300" data-astro-source-file="/Users/richard/Development/Projects/agingdeveloper-astro/src/components/BreadcrumbHeader.astro" data-astro-source-loc="27:4"></span> <ol class="text-primary inline-flex items-center space-x-0 capitalize md:space-x-3" data-astro-source-file="/Users/richard/Development/Projects/agingdeveloper-astro/src/components/BreadcrumbHeader.astro" data-astro-source-loc="28:87"> <li class="after:mx-1 after:text-gray-300 after:content-['/']" data-astro-source-file="/Users/richard/Development/Projects/agingdeveloper-astro/src/components/BreadcrumbHeader.astro" data-astro-source-loc="33:72"> <!--prettier-ignore --><a data-link="internal" target="_self" href="/test" class="hover:underline text-inherit" data-astro-source-file="/Users/richard/Development/Projects/agingdeveloper-astro/src/components/InternalLink.astro" data-astro-source-loc="21:69">Test</a> </li> <li data-astro-source-file="/Users/richard/Development/Projects/agingdeveloper-astro/src/components/BreadcrumbHeader.astro" data-astro-source-loc="40:26">end</li> </ol> <span class="ml-2 h-px flex-grow rounded bg-gray-300" data-astro-source-file="/Users/richard/Development/Projects/agingdeveloper-astro/src/components/BreadcrumbHeader.astro" data-astro-source-loc="42:4"></span> </header>"`;
