// Vitest Snapshot v1, https://vitest.dev/guide/snapshot.html

exports[`DisplayLimitAlert > that it renders correctly. 1`] = `"<!DOCTYPE html><div class="flex items-center rounded-md bg-blue-100 p-3 text-blue-600" role="alert" data-astro-source-file="/Users/richklein/Development/Projects/agingdeveloper/src/components/DisplayLimitAlert.astro" data-astro-source-loc="31:6"><svg width="1em" height="1em" viewBox="0 0 24 24" class="mr-3" data-icon="mdi:information-outline" data-astro-source-file="/Users/richklein/Development/Projects/agingdeveloper/node_modules/astro-icon/components/Icon.astro" data-astro-source-loc="117:44">  <symbol id="ai:mdi:information-outline" data-astro-source-file="/Users/richklein/Development/Projects/agingdeveloper/node_modules/astro-icon/components/Icon.astro" data-astro-source-loc="124:28"><path fill="currentColor" d="M11 9h2V7h-2m1 13c-4.41 0-8-3.59-8-8s3.59-8 8-8s8 3.59 8 8s-3.59 8-8 8m0-18A10 10 0 0 0 2 12a10 10 0 0 0 10 10a10 10 0 0 0 10-10A10 10 0 0 0 12 2m-1 15h2v-6h-2z"/></symbol><use xlink:href="#ai:mdi:information-outline" data-astro-source-file="/Users/richklein/Development/Projects/agingdeveloper/node_modules/astro-icon/components/Icon.astro" data-astro-source-loc="125:10"></use>  </svg><p data-astro-source-file="/Users/richklein/Development/Projects/agingdeveloper/src/components/DisplayLimitAlert.astro" data-astro-source-loc="33:10">Maximum number of articles displayed, 5 remaining.</p></div>"`;
