// Vitest Snapshot v1, https://vitest.dev/guide/snapshot.html

exports[`InternalBackButton > that it renders correctly. 1`] = `"<!DOCTYPE html><!--prettier-ignore --><a data-link="internal" target="_self" href="/author" class="m-0 inline-flex min-w-16 items-center justify-center rounded-md bg-secondary-main py-2 pl-3 pr-4 capitalize text-secondary-contrast hover:bg-secondary-dark focus:bg-secondary-dark" data-astro-source-file="/Users/richklein/Development/Projects/agingdeveloper/src/components/InternalLink.astro" data-astro-source-loc="22:90"> <svg width="1em" height="1em" viewBox="0 0 24 24" class="mr-1" data-icon="mdi:chevron-left" data-astro-source-file="/Users/richklein/Development/Projects/agingdeveloper/node_modules/astro-icon/components/Icon.astro" data-astro-source-loc="117:44">  <symbol id="ai:mdi:chevron-left" data-astro-source-file="/Users/richklein/Development/Projects/agingdeveloper/node_modules/astro-icon/components/Icon.astro" data-astro-source-loc="124:28"><path fill="currentColor" d="M15.41 16.58L10.83 12l4.58-4.59L14 6l-6 6l6 6z"/></symbol><use xlink:href="#ai:mdi:chevron-left" data-astro-source-file="/Users/richklein/Development/Projects/agingdeveloper/node_modules/astro-icon/components/Icon.astro" data-astro-source-loc="125:10"></use>  </svg> view all authors</a>"`;
