// Jest Snapshot v1, https://goo.gl/fbAQLP

exports[`HeroBlock that it renders correctly. 1`] = `
<div
  class="MuiPaper-root MuiPaper-outlined MuiPaper-rounded MuiCard-root css-1gyh4ns-MuiPaper-root-MuiCard-root"
>
  <a
    class="MuiTypography-root MuiTypography-inherit MuiLink-root MuiLink-underlineAlways MuiButtonBase-root MuiCardActionArea-root css-1wtuwsy-MuiTypography-root-MuiLink-root-MuiButtonBase-root-MuiCardActionArea-root"
    data-link="internal"
    href="/article/2023-12-01-slug"
    tabindex="0"
  >
    <div
      class="MuiCardMedia-root css-16cvb1l-MuiCardMedia-root"
    />
    <div
      class="MuiBox-root css-1n5d35j"
    >
      <div
        class="MuiGrid-root MuiGrid-container css-11lq3yg-MuiGrid-root"
      >
        <div
          class="MuiGrid-root MuiGrid-item MuiGrid-grid-xs-12 MuiGrid-grid-sm-12 MuiGrid-grid-md-6 css-1fyyp8j-MuiGrid-root"
        >
          <div
            class="MuiBox-root css-1chv412"
          >
            <div
              class="MuiCardHeader-root css-185gdzj-MuiCardHeader-root"
            >
              <div
                class="MuiCardHeader-content css-1qbkelo-MuiCardHeader-content"
              >
                <span
                  class="MuiTypography-root MuiTypography-h3 MuiCardHeader-title css-s3bcgd-MuiTypography-root"
                >
                  This is an Aritcle Title
                </span>
              </div>
            </div>
            <div
              class="MuiCardContent-root css-46bh2p-MuiCardContent-root"
            >
              <p
                class="MuiTypography-root MuiTypography-h5 MuiTypography-paragraph css-187jqjf-MuiTypography-root"
              >
                This is content from the article.
              </p>
              <h6
                class="MuiTypography-root MuiTypography-subtitle1 css-1yqpi80-MuiTypography-root"
              >
                Continue Reading
                â€¦
              </h6>
            </div>
          </div>
        </div>
      </div>
    </div>
    <span
      class="MuiCardActionArea-focusHighlight css-1v2exvi-MuiCardActionArea-focusHighlight"
    />
  </a>
</div>
`;
