// Jest Snapshot v1, https://goo.gl/fbAQLP

exports[`TitleBlock that it contains a subtitle. 1`] = `
<header
  class="MuiBox-root css-164r41r"
>
  <h3
    class="MuiTypography-root MuiTypography-h3 css-gepadz-MuiTypography-root"
  >
    Testing Gatsby with Jest
  </h3>
</header>
`;
